// Vitest Snapshot v1, https://vitest.dev/guide/snapshot.html

exports[`Scroll > should renders correctly Scroll 1`] = `
{
  "asFragment": [Function],
  "baseElement": .c0 {
  height: 2rem;
  overflow-y: scroll;
  -webkit-scrollbar-width: thin;
  -moz-scrollbar-width: thin;
  -ms-scrollbar-width: thin;
  scrollbar-width: thin;
}

.c0::-webkit-scrollbar {
  width: 1.25rem;
}

.c0::-webkit-scrollbar-thumb {
  background: #4553DD;
  border-radius: 16px;
  border: 0.375rem solid transparent;
  background-clip: padding-box;
}

.c0::-webkit-scrollbar-track {
  margin-bottom: 0.5rem;
  -webkit-scrollbar-color: #fff;
  -moz-scrollbar-color: #fff;
  -ms-scrollbar-color: #fff;
  scrollbar-color: #fff;
}

@supports (overflow:overlay) {
  .c0 {
    overflow: overlay;
  }
}

<body>
    <div>
      <div
        class="c0"
      />
      <div
        data-testid="location-display"
      >
        /
      </div>
    </div>
  </body>,
  "container": .c0 {
  height: 2rem;
  overflow-y: scroll;
  -webkit-scrollbar-width: thin;
  -moz-scrollbar-width: thin;
  -ms-scrollbar-width: thin;
  scrollbar-width: thin;
}

.c0::-webkit-scrollbar {
  width: 1.25rem;
}

.c0::-webkit-scrollbar-thumb {
  background: #4553DD;
  border-radius: 16px;
  border: 0.375rem solid transparent;
  background-clip: padding-box;
}

.c0::-webkit-scrollbar-track {
  margin-bottom: 0.5rem;
  -webkit-scrollbar-color: #fff;
  -moz-scrollbar-color: #fff;
  -ms-scrollbar-color: #fff;
  scrollbar-color: #fff;
}

@supports (overflow:overlay) {
  .c0 {
    overflow: overlay;
  }
}

<div>
    <div
      class="c0"
    />
    <div
      data-testid="location-display"
    >
      /
    </div>
  </div>,
  "debug": [Function],
  "findAllByAltText": [Function],
  "findAllByDisplayValue": [Function],
  "findAllByLabelText": [Function],
  "findAllByPlaceholderText": [Function],
  "findAllByRole": [Function],
  "findAllByTestId": [Function],
  "findAllByText": [Function],
  "findAllByTitle": [Function],
  "findByAltText": [Function],
  "findByDisplayValue": [Function],
  "findByLabelText": [Function],
  "findByPlaceholderText": [Function],
  "findByRole": [Function],
  "findByTestId": [Function],
  "findByText": [Function],
  "findByTitle": [Function],
  "getAllByAltText": [Function],
  "getAllByDisplayValue": [Function],
  "getAllByLabelText": [Function],
  "getAllByPlaceholderText": [Function],
  "getAllByRole": [Function],
  "getAllByTestId": [Function],
  "getAllByText": [Function],
  "getAllByTitle": [Function],
  "getByAltText": [Function],
  "getByDisplayValue": [Function],
  "getByLabelText": [Function],
  "getByPlaceholderText": [Function],
  "getByRole": [Function],
  "getByTestId": [Function],
  "getByText": [Function],
  "getByTitle": [Function],
  "queryAllByAltText": [Function],
  "queryAllByDisplayValue": [Function],
  "queryAllByLabelText": [Function],
  "queryAllByPlaceholderText": [Function],
  "queryAllByRole": [Function],
  "queryAllByTestId": [Function],
  "queryAllByText": [Function],
  "queryAllByTitle": [Function],
  "queryByAltText": [Function],
  "queryByDisplayValue": [Function],
  "queryByLabelText": [Function],
  "queryByPlaceholderText": [Function],
  "queryByRole": [Function],
  "queryByTestId": [Function],
  "queryByText": [Function],
  "queryByTitle": [Function],
  "rerender": [Function],
  "store": {
    "@@observable": [Function],
    "dispatch": [Function],
    "getState": [Function],
    "replaceReducer": [Function],
    "subscribe": [Function],
  },
  "unmount": [Function],
}
`;
