// Vitest Snapshot v1, https://vitest.dev/guide/snapshot.html

exports[`BuildingsList > renders correctly 1`] = `
{
  "asFragment": [Function],
  "baseElement": .c4 {
  margin-top: 1rem;
}

.c5 {
  -webkit-align-items: center;
  -webkit-box-align: center;
  -ms-flex-align: center;
  align-items: center;
  background-color: #4553DD;
  border: 1px solid #4553DD;
  border-radius: 0.5rem;
  color: #FCFEFF;
  display: -webkit-box;
  display: -webkit-flex;
  display: -ms-flexbox;
  display: flex;
  gap: 10px;
  -webkit-box-pack: center;
  -webkit-justify-content: center;
  -ms-flex-pack: center;
  justify-content: center;
  padding: 0.5625rem 1rem;
  white-space: nowrap;
  width: 100%;
  font-family: Source Sans Pro,sans-serif;
  font-size: 1rem;
  font-weight: 600;
  line-height: 1.4;
  -webkit-letter-spacing: 1px;
  -moz-letter-spacing: 1px;
  -ms-letter-spacing: 1px;
  letter-spacing: 1px;
}

.c5:hover {
  background-color: #6573FF;
  border: 1px solid #6573FF;
}

.c1 {
  background-color: #fff;
  border-radius: 8px;
  box-shadow: 0px 5px 8px #D9D9D920;
  color: #4b4b4b;
  display: -webkit-box;
  display: -webkit-flex;
  display: -ms-flexbox;
  display: flex;
  -webkit-flex-direction: column;
  -ms-flex-direction: column;
  flex-direction: column;
}

.c2 {
  height: 11rem;
  object-fit: cover;
  padding: 0.5rem;
  width: 100%;
}

.c3 {
  padding: 0.5rem 1.031rem 0.938rem;
}

.c0 {
  display: grid;
  gap: 2rem;
  grid-template-columns: repeat(auto-fit,minmax(20rem,1fr));
}

<body>
    <div>
      <div
        class="c0"
      >
        <div
          class="c1"
        >
          <img
            alt="Building"
            class="c2"
            src="/src/assets/img/BuildingImg.png"
          />
          <div
            class="c3"
          >
            <h3
              style="font-family: Source Sans Pro, sans-serif; font-weight: 700; font-size: 1.25rem; line-height: 1.4; letter-spacing: 1px; color: rgb(75, 75, 75);"
            >
              Building #
              1
            </h3>
            <p
              style="font-family: Source Sans Pro, sans-serif; font-weight: 400; font-size: 1rem; line-height: 1.6; letter-spacing: 0; color: rgb(75, 75, 75);"
            >
              Berry Street 21
            </p>
            <div
              class="c4"
            >
              <button
                class="c5"
              >
                Open details
              </button>
            </div>
          </div>
        </div>
        <div
          class="c1"
        >
          <img
            alt="Building"
            class="c2"
            src="/src/assets/img/BuildingImg.png"
          />
          <div
            class="c3"
          >
            <h3
              style="font-family: Source Sans Pro, sans-serif; font-weight: 700; font-size: 1.25rem; line-height: 1.4; letter-spacing: 1px; color: rgb(75, 75, 75);"
            >
              Building #
              2
            </h3>
            <p
              style="font-family: Source Sans Pro, sans-serif; font-weight: 400; font-size: 1rem; line-height: 1.6; letter-spacing: 0; color: rgb(75, 75, 75);"
            >
              Miedziana Street 3
            </p>
            <div
              class="c4"
            >
              <button
                class="c5"
              >
                Open details
              </button>
            </div>
          </div>
        </div>
        <div
          class="c1"
        >
          <img
            alt="Building"
            class="c2"
            src="/src/assets/img/BuildingImg.png"
          />
          <div
            class="c3"
          >
            <h3
              style="font-family: Source Sans Pro, sans-serif; font-weight: 700; font-size: 1.25rem; line-height: 1.4; letter-spacing: 1px; color: rgb(75, 75, 75);"
            >
              Building #
              3
            </h3>
            <p
              style="font-family: Source Sans Pro, sans-serif; font-weight: 400; font-size: 1rem; line-height: 1.6; letter-spacing: 0; color: rgb(75, 75, 75);"
            >
              Seaport Avenue 51
            </p>
            <div
              class="c4"
            >
              <button
                class="c5"
              >
                Open details
              </button>
            </div>
          </div>
        </div>
        <div
          class="c1"
        >
          <img
            alt="Building"
            class="c2"
            src="/src/assets/img/BuildingImg.png"
          />
          <div
            class="c3"
          >
            <h3
              style="font-family: Source Sans Pro, sans-serif; font-weight: 700; font-size: 1.25rem; line-height: 1.4; letter-spacing: 1px; color: rgb(75, 75, 75);"
            >
              Building #
              4
            </h3>
            <p
              style="font-family: Source Sans Pro, sans-serif; font-weight: 400; font-size: 1rem; line-height: 1.6; letter-spacing: 0; color: rgb(75, 75, 75);"
            >
              Desert Street 2X
            </p>
            <div
              class="c4"
            >
              <button
                class="c5"
              >
                Open details
              </button>
            </div>
          </div>
        </div>
        <div
          class="c1"
        >
          <img
            alt="Building"
            class="c2"
            src="/src/assets/img/BuildingImg.png"
          />
          <div
            class="c3"
          >
            <h3
              style="font-family: Source Sans Pro, sans-serif; font-weight: 700; font-size: 1.25rem; line-height: 1.4; letter-spacing: 1px; color: rgb(75, 75, 75);"
            >
              Building #
              5
            </h3>
            <p
              style="font-family: Source Sans Pro, sans-serif; font-weight: 400; font-size: 1rem; line-height: 1.6; letter-spacing: 0; color: rgb(75, 75, 75);"
            >
              Lakewood Avenue 57
            </p>
            <div
              class="c4"
            >
              <button
                class="c5"
              >
                Open details
              </button>
            </div>
          </div>
        </div>
      </div>
      <div
        data-testid="location-display"
      >
        /
      </div>
    </div>
  </body>,
  "container": .c4 {
  margin-top: 1rem;
}

.c5 {
  -webkit-align-items: center;
  -webkit-box-align: center;
  -ms-flex-align: center;
  align-items: center;
  background-color: #4553DD;
  border: 1px solid #4553DD;
  border-radius: 0.5rem;
  color: #FCFEFF;
  display: -webkit-box;
  display: -webkit-flex;
  display: -ms-flexbox;
  display: flex;
  gap: 10px;
  -webkit-box-pack: center;
  -webkit-justify-content: center;
  -ms-flex-pack: center;
  justify-content: center;
  padding: 0.5625rem 1rem;
  white-space: nowrap;
  width: 100%;
  font-family: Source Sans Pro,sans-serif;
  font-size: 1rem;
  font-weight: 600;
  line-height: 1.4;
  -webkit-letter-spacing: 1px;
  -moz-letter-spacing: 1px;
  -ms-letter-spacing: 1px;
  letter-spacing: 1px;
}

.c5:hover {
  background-color: #6573FF;
  border: 1px solid #6573FF;
}

.c1 {
  background-color: #fff;
  border-radius: 8px;
  box-shadow: 0px 5px 8px #D9D9D920;
  color: #4b4b4b;
  display: -webkit-box;
  display: -webkit-flex;
  display: -ms-flexbox;
  display: flex;
  -webkit-flex-direction: column;
  -ms-flex-direction: column;
  flex-direction: column;
}

.c2 {
  height: 11rem;
  object-fit: cover;
  padding: 0.5rem;
  width: 100%;
}

.c3 {
  padding: 0.5rem 1.031rem 0.938rem;
}

.c0 {
  display: grid;
  gap: 2rem;
  grid-template-columns: repeat(auto-fit,minmax(20rem,1fr));
}

<div>
    <div
      class="c0"
    >
      <div
        class="c1"
      >
        <img
          alt="Building"
          class="c2"
          src="/src/assets/img/BuildingImg.png"
        />
        <div
          class="c3"
        >
          <h3
            style="font-family: Source Sans Pro, sans-serif; font-weight: 700; font-size: 1.25rem; line-height: 1.4; letter-spacing: 1px; color: rgb(75, 75, 75);"
          >
            Building #
            1
          </h3>
          <p
            style="font-family: Source Sans Pro, sans-serif; font-weight: 400; font-size: 1rem; line-height: 1.6; letter-spacing: 0; color: rgb(75, 75, 75);"
          >
            Berry Street 21
          </p>
          <div
            class="c4"
          >
            <button
              class="c5"
            >
              Open details
            </button>
          </div>
        </div>
      </div>
      <div
        class="c1"
      >
        <img
          alt="Building"
          class="c2"
          src="/src/assets/img/BuildingImg.png"
        />
        <div
          class="c3"
        >
          <h3
            style="font-family: Source Sans Pro, sans-serif; font-weight: 700; font-size: 1.25rem; line-height: 1.4; letter-spacing: 1px; color: rgb(75, 75, 75);"
          >
            Building #
            2
          </h3>
          <p
            style="font-family: Source Sans Pro, sans-serif; font-weight: 400; font-size: 1rem; line-height: 1.6; letter-spacing: 0; color: rgb(75, 75, 75);"
          >
            Miedziana Street 3
          </p>
          <div
            class="c4"
          >
            <button
              class="c5"
            >
              Open details
            </button>
          </div>
        </div>
      </div>
      <div
        class="c1"
      >
        <img
          alt="Building"
          class="c2"
          src="/src/assets/img/BuildingImg.png"
        />
        <div
          class="c3"
        >
          <h3
            style="font-family: Source Sans Pro, sans-serif; font-weight: 700; font-size: 1.25rem; line-height: 1.4; letter-spacing: 1px; color: rgb(75, 75, 75);"
          >
            Building #
            3
          </h3>
          <p
            style="font-family: Source Sans Pro, sans-serif; font-weight: 400; font-size: 1rem; line-height: 1.6; letter-spacing: 0; color: rgb(75, 75, 75);"
          >
            Seaport Avenue 51
          </p>
          <div
            class="c4"
          >
            <button
              class="c5"
            >
              Open details
            </button>
          </div>
        </div>
      </div>
      <div
        class="c1"
      >
        <img
          alt="Building"
          class="c2"
          src="/src/assets/img/BuildingImg.png"
        />
        <div
          class="c3"
        >
          <h3
            style="font-family: Source Sans Pro, sans-serif; font-weight: 700; font-size: 1.25rem; line-height: 1.4; letter-spacing: 1px; color: rgb(75, 75, 75);"
          >
            Building #
            4
          </h3>
          <p
            style="font-family: Source Sans Pro, sans-serif; font-weight: 400; font-size: 1rem; line-height: 1.6; letter-spacing: 0; color: rgb(75, 75, 75);"
          >
            Desert Street 2X
          </p>
          <div
            class="c4"
          >
            <button
              class="c5"
            >
              Open details
            </button>
          </div>
        </div>
      </div>
      <div
        class="c1"
      >
        <img
          alt="Building"
          class="c2"
          src="/src/assets/img/BuildingImg.png"
        />
        <div
          class="c3"
        >
          <h3
            style="font-family: Source Sans Pro, sans-serif; font-weight: 700; font-size: 1.25rem; line-height: 1.4; letter-spacing: 1px; color: rgb(75, 75, 75);"
          >
            Building #
            5
          </h3>
          <p
            style="font-family: Source Sans Pro, sans-serif; font-weight: 400; font-size: 1rem; line-height: 1.6; letter-spacing: 0; color: rgb(75, 75, 75);"
          >
            Lakewood Avenue 57
          </p>
          <div
            class="c4"
          >
            <button
              class="c5"
            >
              Open details
            </button>
          </div>
        </div>
      </div>
    </div>
    <div
      data-testid="location-display"
    >
      /
    </div>
  </div>,
  "debug": [Function],
  "findAllByAltText": [Function],
  "findAllByDisplayValue": [Function],
  "findAllByLabelText": [Function],
  "findAllByPlaceholderText": [Function],
  "findAllByRole": [Function],
  "findAllByTestId": [Function],
  "findAllByText": [Function],
  "findAllByTitle": [Function],
  "findByAltText": [Function],
  "findByDisplayValue": [Function],
  "findByLabelText": [Function],
  "findByPlaceholderText": [Function],
  "findByRole": [Function],
  "findByTestId": [Function],
  "findByText": [Function],
  "findByTitle": [Function],
  "getAllByAltText": [Function],
  "getAllByDisplayValue": [Function],
  "getAllByLabelText": [Function],
  "getAllByPlaceholderText": [Function],
  "getAllByRole": [Function],
  "getAllByTestId": [Function],
  "getAllByText": [Function],
  "getAllByTitle": [Function],
  "getByAltText": [Function],
  "getByDisplayValue": [Function],
  "getByLabelText": [Function],
  "getByPlaceholderText": [Function],
  "getByRole": [Function],
  "getByTestId": [Function],
  "getByText": [Function],
  "getByTitle": [Function],
  "queryAllByAltText": [Function],
  "queryAllByDisplayValue": [Function],
  "queryAllByLabelText": [Function],
  "queryAllByPlaceholderText": [Function],
  "queryAllByRole": [Function],
  "queryAllByTestId": [Function],
  "queryAllByText": [Function],
  "queryAllByTitle": [Function],
  "queryByAltText": [Function],
  "queryByDisplayValue": [Function],
  "queryByLabelText": [Function],
  "queryByPlaceholderText": [Function],
  "queryByRole": [Function],
  "queryByTestId": [Function],
  "queryByText": [Function],
  "queryByTitle": [Function],
  "rerender": [Function],
  "store": {
    "@@observable": [Function],
    "dispatch": [Function],
    "getState": [Function],
    "replaceReducer": [Function],
    "subscribe": [Function],
  },
  "unmount": [Function],
}
`;
