// Vitest Snapshot v1, https://vitest.dev/guide/snapshot.html

exports[`MessageItem > renders correctly 1`] = `
{
  "asFragment": [Function],
  "baseElement": .c4 {
  -webkit-align-items: center;
  -webkit-box-align: center;
  -ms-flex-align: center;
  align-items: center;
  background-color: transparent;
  color: #4553DD;
  display: -webkit-box;
  display: -webkit-flex;
  display: -ms-flexbox;
  display: flex;
  -webkit-box-pack: center;
  -webkit-justify-content: center;
  -ms-flex-pack: center;
  justify-content: center;
}

.c2 {
  border-radius: 50%;
  height: 1.5rem;
  width: 1.5rem;
}

.c0:hover {
  background: #919AFF10;
}

.c0:last-child {
  margin-bottom: 0.75rem;
}

.c1 {
  -webkit-align-items: center;
  -webkit-box-align: center;
  -ms-flex-align: center;
  align-items: center;
  border-bottom: 1px solid #CACACA;
  display: -webkit-box;
  display: -webkit-flex;
  display: -ms-flexbox;
  display: flex;
  margin-left: 1.125rem;
  margin-right: 1rem;
  padding: 0.875rem 1.938rem 0.875rem 1.438rem;
}

.c3 {
  -webkit-flex: 1;
  -ms-flex: 1;
  flex: 1;
  margin-left: 1rem;
}

<body>
    <div>
      <div
        class="c0"
      >
        <div
          class="c1"
        >
          <img
            alt="profile"
            class="c2"
            size="1.5"
            src="/src/assets/img/Avatar.svg"
          />
          <div
            class="c3"
          >
            <h4
              style="font-family: Source Sans Pro, sans-serif; font-size: 1rem; font-weight: 600; line-height: 1.4; letter-spacing: 1px; color: rgb(69, 83, 221);"
            >
              Jessie Burton
            </h4>
          </div>
          <button
            class="c4"
          >
            <svg
              data-testid="envelope-icon"
              fill="none"
              height="20"
              viewBox="0 0 20 16"
              width="20"
              xmlns="http://www.w3.org/2000/svg"
            >
              <mask
                id="mask-envelope"
              />
              <path
                d="M5 5L8.75 8C9.10472 8.28401 9.54559 8.43875 10 8.43875C10.4544 8.43875 10.8953 8.28401 11.25 8L15 5M19 13V3C19 2.46957 18.7893 1.96086 18.4142 1.58579C18.0391 1.21071 17.5304 1 17 1H3C2.46957 1 1.96086 1.21071 1.58579 1.58579C1.21071 1.96086 1 2.46957 1 3V13C1 13.5304 1.21071 14.0391 1.58579 14.4142C1.96086 14.7893 2.46957 15 3 15H17C17.5304 15 18.0391 14.7893 18.4142 14.4142C18.7893 14.0391 19 13.5304 19 13Z"
                stroke="#4553DD"
                stroke-linecap="round"
                stroke-linejoin="round"
                stroke-width="1.67"
              />
            </svg>
          </button>
        </div>
      </div>
      <div
        data-testid="location-display"
      >
        /
      </div>
    </div>
  </body>,
  "container": .c4 {
  -webkit-align-items: center;
  -webkit-box-align: center;
  -ms-flex-align: center;
  align-items: center;
  background-color: transparent;
  color: #4553DD;
  display: -webkit-box;
  display: -webkit-flex;
  display: -ms-flexbox;
  display: flex;
  -webkit-box-pack: center;
  -webkit-justify-content: center;
  -ms-flex-pack: center;
  justify-content: center;
}

.c2 {
  border-radius: 50%;
  height: 1.5rem;
  width: 1.5rem;
}

.c0:hover {
  background: #919AFF10;
}

.c0:last-child {
  margin-bottom: 0.75rem;
}

.c1 {
  -webkit-align-items: center;
  -webkit-box-align: center;
  -ms-flex-align: center;
  align-items: center;
  border-bottom: 1px solid #CACACA;
  display: -webkit-box;
  display: -webkit-flex;
  display: -ms-flexbox;
  display: flex;
  margin-left: 1.125rem;
  margin-right: 1rem;
  padding: 0.875rem 1.938rem 0.875rem 1.438rem;
}

.c3 {
  -webkit-flex: 1;
  -ms-flex: 1;
  flex: 1;
  margin-left: 1rem;
}

<div>
    <div
      class="c0"
    >
      <div
        class="c1"
      >
        <img
          alt="profile"
          class="c2"
          size="1.5"
          src="/src/assets/img/Avatar.svg"
        />
        <div
          class="c3"
        >
          <h4
            style="font-family: Source Sans Pro, sans-serif; font-size: 1rem; font-weight: 600; line-height: 1.4; letter-spacing: 1px; color: rgb(69, 83, 221);"
          >
            Jessie Burton
          </h4>
        </div>
        <button
          class="c4"
        >
          <svg
            data-testid="envelope-icon"
            fill="none"
            height="20"
            viewBox="0 0 20 16"
            width="20"
            xmlns="http://www.w3.org/2000/svg"
          >
            <mask
              id="mask-envelope"
            />
            <path
              d="M5 5L8.75 8C9.10472 8.28401 9.54559 8.43875 10 8.43875C10.4544 8.43875 10.8953 8.28401 11.25 8L15 5M19 13V3C19 2.46957 18.7893 1.96086 18.4142 1.58579C18.0391 1.21071 17.5304 1 17 1H3C2.46957 1 1.96086 1.21071 1.58579 1.58579C1.21071 1.96086 1 2.46957 1 3V13C1 13.5304 1.21071 14.0391 1.58579 14.4142C1.96086 14.7893 2.46957 15 3 15H17C17.5304 15 18.0391 14.7893 18.4142 14.4142C18.7893 14.0391 19 13.5304 19 13Z"
              stroke="#4553DD"
              stroke-linecap="round"
              stroke-linejoin="round"
              stroke-width="1.67"
            />
          </svg>
        </button>
      </div>
    </div>
    <div
      data-testid="location-display"
    >
      /
    </div>
  </div>,
  "debug": [Function],
  "findAllByAltText": [Function],
  "findAllByDisplayValue": [Function],
  "findAllByLabelText": [Function],
  "findAllByPlaceholderText": [Function],
  "findAllByRole": [Function],
  "findAllByTestId": [Function],
  "findAllByText": [Function],
  "findAllByTitle": [Function],
  "findByAltText": [Function],
  "findByDisplayValue": [Function],
  "findByLabelText": [Function],
  "findByPlaceholderText": [Function],
  "findByRole": [Function],
  "findByTestId": [Function],
  "findByText": [Function],
  "findByTitle": [Function],
  "getAllByAltText": [Function],
  "getAllByDisplayValue": [Function],
  "getAllByLabelText": [Function],
  "getAllByPlaceholderText": [Function],
  "getAllByRole": [Function],
  "getAllByTestId": [Function],
  "getAllByText": [Function],
  "getAllByTitle": [Function],
  "getByAltText": [Function],
  "getByDisplayValue": [Function],
  "getByLabelText": [Function],
  "getByPlaceholderText": [Function],
  "getByRole": [Function],
  "getByTestId": [Function],
  "getByText": [Function],
  "getByTitle": [Function],
  "queryAllByAltText": [Function],
  "queryAllByDisplayValue": [Function],
  "queryAllByLabelText": [Function],
  "queryAllByPlaceholderText": [Function],
  "queryAllByRole": [Function],
  "queryAllByTestId": [Function],
  "queryAllByText": [Function],
  "queryAllByTitle": [Function],
  "queryByAltText": [Function],
  "queryByDisplayValue": [Function],
  "queryByLabelText": [Function],
  "queryByPlaceholderText": [Function],
  "queryByRole": [Function],
  "queryByTestId": [Function],
  "queryByText": [Function],
  "queryByTitle": [Function],
  "rerender": [Function],
  "store": {
    "@@observable": [Function],
    "dispatch": [Function],
    "getState": [Function],
    "replaceReducer": [Function],
    "subscribe": [Function],
  },
  "unmount": [Function],
}
`;
