// Vitest Snapshot v1, https://vitest.dev/guide/snapshot.html

exports[`Payment Chart Legend  > should render correctly 1`] = `
{
  "asFragment": [Function],
  "baseElement": .c0 {
  -webkit-align-items: start;
  -webkit-box-align: start;
  -ms-flex-align: start;
  align-items: start;
  display: -webkit-box;
  display: -webkit-flex;
  display: -ms-flexbox;
  display: flex;
  -webkit-flex-direction: column;
  -ms-flex-direction: column;
  flex-direction: column;
  -webkit-box-pack: center;
  -webkit-justify-content: center;
  -ms-flex-pack: center;
  justify-content: center;
  height: 100%;
  gap: 0.6rem;
  padding: 0 0 0 5.98rem;
  width: 100%;
}

.c1 {
  -webkit-align-items: start;
  -webkit-box-align: start;
  -ms-flex-align: start;
  align-items: start;
  display: -webkit-box;
  display: -webkit-flex;
  display: -ms-flexbox;
  display: flex;
  -webkit-flex-direction: column;
  -ms-flex-direction: column;
  flex-direction: column;
  gap: 0.5rem;
  -webkit-box-pack: center;
  -webkit-justify-content: center;
  -ms-flex-pack: center;
  justify-content: center;
}

.c2 {
  color: #FF4438;
  -webkit-box-pack: start;
  -webkit-justify-content: start;
  -ms-flex-pack: start;
  justify-content: start;
}

.c4 {
  color: black;
  -webkit-box-pack: start;
  -webkit-justify-content: start;
  -ms-flex-pack: start;
  justify-content: start;
}

.c6 {
  color: #30BA57;
  -webkit-box-pack: start;
  -webkit-justify-content: start;
  -ms-flex-pack: start;
  justify-content: start;
}

.c3 {
  background-color: #FF4438;
  border-radius: 2.7px;
  color: white;
  font-size: 0.75rem;
  font-weight: 600;
  padding: 0.25rem 0.5rem;
}

.c5 {
  background-color: #FFD541;
  border-radius: 2.7px;
  color: black;
  font-size: 0.75rem;
  font-weight: 600;
  padding: 0.25rem 0.5rem;
}

.c7 {
  background-color: #30BA57;
  border-radius: 2.7px;
  color: white;
  font-size: 0.75rem;
  font-weight: 600;
  padding: 0.25rem 0.5rem;
}

<body>
    <div>
      <div
        class="c0"
        id="legendBox"
      >
        <div
          class="c1"
        >
          <div
            class="c1 c2"
          >
            Payment overdue
          </div>
          <div
            class="c3"
          >
            75%
          </div>
        </div>
        <div
          class="c1"
        >
          <div
            class="c1 c4"
          >
            Awaiting payments
          </div>
          <div
            class="c5"
          >
            21%
          </div>
        </div>
        <div
          class="c1"
        >
          <div
            class="c1 c6"
          >
            Paid on time
          </div>
          <div
            class="c7"
          >
            4%
          </div>
        </div>
      </div>
    </div>
  </body>,
  "container": .c0 {
  -webkit-align-items: start;
  -webkit-box-align: start;
  -ms-flex-align: start;
  align-items: start;
  display: -webkit-box;
  display: -webkit-flex;
  display: -ms-flexbox;
  display: flex;
  -webkit-flex-direction: column;
  -ms-flex-direction: column;
  flex-direction: column;
  -webkit-box-pack: center;
  -webkit-justify-content: center;
  -ms-flex-pack: center;
  justify-content: center;
  height: 100%;
  gap: 0.6rem;
  padding: 0 0 0 5.98rem;
  width: 100%;
}

.c1 {
  -webkit-align-items: start;
  -webkit-box-align: start;
  -ms-flex-align: start;
  align-items: start;
  display: -webkit-box;
  display: -webkit-flex;
  display: -ms-flexbox;
  display: flex;
  -webkit-flex-direction: column;
  -ms-flex-direction: column;
  flex-direction: column;
  gap: 0.5rem;
  -webkit-box-pack: center;
  -webkit-justify-content: center;
  -ms-flex-pack: center;
  justify-content: center;
}

.c2 {
  color: #FF4438;
  -webkit-box-pack: start;
  -webkit-justify-content: start;
  -ms-flex-pack: start;
  justify-content: start;
}

.c4 {
  color: black;
  -webkit-box-pack: start;
  -webkit-justify-content: start;
  -ms-flex-pack: start;
  justify-content: start;
}

.c6 {
  color: #30BA57;
  -webkit-box-pack: start;
  -webkit-justify-content: start;
  -ms-flex-pack: start;
  justify-content: start;
}

.c3 {
  background-color: #FF4438;
  border-radius: 2.7px;
  color: white;
  font-size: 0.75rem;
  font-weight: 600;
  padding: 0.25rem 0.5rem;
}

.c5 {
  background-color: #FFD541;
  border-radius: 2.7px;
  color: black;
  font-size: 0.75rem;
  font-weight: 600;
  padding: 0.25rem 0.5rem;
}

.c7 {
  background-color: #30BA57;
  border-radius: 2.7px;
  color: white;
  font-size: 0.75rem;
  font-weight: 600;
  padding: 0.25rem 0.5rem;
}

<div>
    <div
      class="c0"
      id="legendBox"
    >
      <div
        class="c1"
      >
        <div
          class="c1 c2"
        >
          Payment overdue
        </div>
        <div
          class="c3"
        >
          75%
        </div>
      </div>
      <div
        class="c1"
      >
        <div
          class="c1 c4"
        >
          Awaiting payments
        </div>
        <div
          class="c5"
        >
          21%
        </div>
      </div>
      <div
        class="c1"
      >
        <div
          class="c1 c6"
        >
          Paid on time
        </div>
        <div
          class="c7"
        >
          4%
        </div>
      </div>
    </div>
  </div>,
  "debug": [Function],
  "findAllByAltText": [Function],
  "findAllByDisplayValue": [Function],
  "findAllByLabelText": [Function],
  "findAllByPlaceholderText": [Function],
  "findAllByRole": [Function],
  "findAllByTestId": [Function],
  "findAllByText": [Function],
  "findAllByTitle": [Function],
  "findByAltText": [Function],
  "findByDisplayValue": [Function],
  "findByLabelText": [Function],
  "findByPlaceholderText": [Function],
  "findByRole": [Function],
  "findByTestId": [Function],
  "findByText": [Function],
  "findByTitle": [Function],
  "getAllByAltText": [Function],
  "getAllByDisplayValue": [Function],
  "getAllByLabelText": [Function],
  "getAllByPlaceholderText": [Function],
  "getAllByRole": [Function],
  "getAllByTestId": [Function],
  "getAllByText": [Function],
  "getAllByTitle": [Function],
  "getByAltText": [Function],
  "getByDisplayValue": [Function],
  "getByLabelText": [Function],
  "getByPlaceholderText": [Function],
  "getByRole": [Function],
  "getByTestId": [Function],
  "getByText": [Function],
  "getByTitle": [Function],
  "queryAllByAltText": [Function],
  "queryAllByDisplayValue": [Function],
  "queryAllByLabelText": [Function],
  "queryAllByPlaceholderText": [Function],
  "queryAllByRole": [Function],
  "queryAllByTestId": [Function],
  "queryAllByText": [Function],
  "queryAllByTitle": [Function],
  "queryByAltText": [Function],
  "queryByDisplayValue": [Function],
  "queryByLabelText": [Function],
  "queryByPlaceholderText": [Function],
  "queryByRole": [Function],
  "queryByTestId": [Function],
  "queryByText": [Function],
  "queryByTitle": [Function],
  "rerender": [Function],
  "unmount": [Function],
}
`;
