// Vitest Snapshot v1, https://vitest.dev/guide/snapshot.html

exports[`Login Page Template > renders correctly 1`] = `[Function]`;
