// Vitest Snapshot v1, https://vitest.dev/guide/snapshot.html

exports[`Login Form > renders correctly 1`] = `
.c4 {
  -webkit-align-items: center;
  -webkit-box-align: center;
  -ms-flex-align: center;
  align-items: center;
  display: -webkit-box;
  display: -webkit-flex;
  display: -ms-flexbox;
  display: flex;
  height: 2.875rem;
  -webkit-box-pack: start;
  -webkit-justify-content: start;
  -ms-flex-pack: start;
  justify-content: start;
  width: 100%;
}

.c3 {
  border: 1px solid #919AFF;
  border-radius: 0.5rem;
  display: -webkit-box;
  display: -webkit-flex;
  display: -ms-flexbox;
  display: flex;
  height: 2.875rem;
  padding: 0.625rem 1rem 0.625rem 1rem;
  width: 19.875rem;
}

.c3:disabled,
.c3:hover,
.c3:active,
.c3:focus {
  outline: none;
}

.c2 {
  color: white;
  display: -webkit-box;
  display: -webkit-flex;
  display: -ms-flexbox;
  display: flex;
  font-size: 16;
}

.c1 {
  display: -webkit-box;
  display: -webkit-flex;
  display: -ms-flexbox;
  display: flex;
  -webkit-flex-direction: column;
  -ms-flex-direction: column;
  flex-direction: column;
  gap: 0.6875rem;
  width: 19.875rem;
}

.c5 {
  width: 19.875rem;
}

.c6 {
  -webkit-align-items: center;
  -webkit-box-align: center;
  -ms-flex-align: center;
  align-items: center;
  background-color: #F56513;
  border: 1px solid #F56513;
  border-radius: 0.5rem;
  color: #FCFEFF;
  display: -webkit-box;
  display: -webkit-flex;
  display: -ms-flexbox;
  display: flex;
  gap: 10px;
  -webkit-box-pack: center;
  -webkit-justify-content: center;
  -ms-flex-pack: center;
  justify-content: center;
  padding: 0.5625rem 1rem;
  white-space: nowrap;
  width: 100%;
  font-family: Source Sans Pro,sans-serif;
  font-size: 1rem;
  font-weight: 600;
  line-height: 1.4;
  -webkit-letter-spacing: 1px;
  -moz-letter-spacing: 1px;
  -ms-letter-spacing: 1px;
  letter-spacing: 1px;
}

.c6:hover {
  background-color: #FF7C33;
  border: 1px solid #FF7C33;
}

.c0 {
  -webkit-align-items: center;
  -webkit-box-align: center;
  -ms-flex-align: center;
  align-items: center;
  display: -webkit-box;
  display: -webkit-flex;
  display: -ms-flexbox;
  display: flex;
  -webkit-flex-direction: column;
  -ms-flex-direction: column;
  flex-direction: column;
  gap: 1rem;
  padding: 0 2.84375rem 0rem 2.84375rem;
  width: 25.625rem;
}

.c7 {
  color: #F56513;
  display: -webkit-box;
  display: -webkit-flex;
  display: -ms-flexbox;
  display: flex;
  -webkit-box-pack: center;
  -webkit-justify-content: center;
  -ms-flex-pack: center;
  justify-content: center;
}

<form
  className="c0"
  onSubmit={[Function]}
>
  <h1
    style={
      {
        "color": "#FCFEFF",
        "fontFamily": "Poppins, sans-serif",
        "fontSize": "2rem",
        "fontWeight": 600,
        "letterSpacing": "2px",
        "lineHeight": 1.2,
        "textAlign": "center",
      }
    }
  >
    Login
  </h1>
  <div
    className="c1"
  >
    <label
      className="c2"
      htmlFor="login"
      size="medium"
    >
      Login
    </label>
    <input
      className="c3"
      data-testid="login"
      id="login"
      name="login"
      onBlur={[Function]}
      onChange={[Function]}
      placeholder="Enter your login"
      type="text"
    />
  </div>
  <div
    className="c1"
  >
    <label
      className="c2"
      htmlFor="password"
      size="medium"
    >
      Password
    </label>
    <input
      className="c3"
      data-testid="password"
      id="password"
      name="password"
      onBlur={[Function]}
      onChange={[Function]}
      placeholder="Enter your password"
      type="password"
    />
  </div>
  <span
    className="c4"
  />
  <div
    className="c5"
  >
    <button
      className="c6"
      onMouseEnter={[Function]}
      onMouseLeave={[Function]}
      type="submit"
    >
      Login
    </button>
  </div>
  <a
    className="c7"
    href="/resetPassword"
    onClick={[Function]}
    palette={
      {
        "blueDark": "#4553DD",
        "blueLight": "#6573FF",
        "footer": "#3F4476",
        "greenDark": "#30BA57",
        "greenLight": "#83E57A",
        "greyDark": "#767676",
        "greyLight": "#F5F6F8",
        "inputGrey": "#4B4B4B",
        "light": "#FCFEFF",
        "orangeDark": "#F56513",
        "orangeLight": "#FF7C33",
        "redDark": "#CF0000",
        "redLight": "#FF4438",
        "sidebar": "#0A1122",
        "sidebarTabs": "#CACACA",
        "sidebarTabsPressed": "#919AFF",
        "text": "#1B1A1A",
        "white": "#fff",
        "widgetsShadows": "#D9D9D9",
        "yellow": "#FFD541",
      }
    }
  >
    Forgot your password?
  </a>
</form>
`;
