// Vitest Snapshot v1, https://vitest.dev/guide/snapshot.html

exports[`Filter Button > filterButton renders correctly 1`] = `
{
  "asFragment": [Function],
  "baseElement": .c0 {
  -webkit-align-items: center;
  -webkit-box-align: center;
  -ms-flex-align: center;
  align-items: center;
  background-color: #fff;
  border: 1px solid #fff;
  border-radius: 0.5rem;
  color: #1B1A1A;
  display: -webkit-box;
  display: -webkit-flex;
  display: -ms-flexbox;
  display: flex;
  gap: 10px;
  -webkit-box-pack: center;
  -webkit-justify-content: center;
  -ms-flex-pack: center;
  justify-content: center;
  padding: 0.5625rem 1rem;
  white-space: nowrap;
  width: 100%;
  font-family: Source Sans Pro,sans-serif;
  font-size: 1rem;
  font-weight: 600;
  line-height: 1.4;
  -webkit-letter-spacing: 1px;
  -moz-letter-spacing: 1px;
  -ms-letter-spacing: 1px;
  letter-spacing: 1px;
}

.c0:hover {
  background-color: #fff;
  border: 1px solid #fff;
  color: #6573FF;
}

<body>
    <div>
      <div
        class=""
      >
        <button
          class="c0"
        >
          <svg
            data-testid="filterButton-icon"
            fill="none"
            height="20"
            viewBox="0 0 16 16"
            width="20"
            xmlns="http://www.w3.org/2000/svg"
          >
            <mask
              id="mask-filterButton"
            />
            <path
              d="M13.0002 1.3335H3.00023C2.07939 1.3335 1.31189 2.09183 1.53939 2.9835C1.78159 3.92841 2.22773 4.80883 2.84649 5.56292C3.46526 6.31701 4.24162 6.92647 5.12106 7.3485C5.80689 7.67683 6.33356 8.32183 6.33356 9.08183V14.1518C6.33364 14.2938 6.36999 14.4334 6.43918 14.5574C6.50837 14.6814 6.60809 14.7857 6.72889 14.8603C6.84969 14.935 6.98755 14.9775 7.1294 14.9839C7.27125 14.9903 7.41238 14.9603 7.53939 14.8968L9.20606 14.0635C9.34446 13.9943 9.46088 13.888 9.54227 13.7564C9.62366 13.6249 9.66681 13.4732 9.66689 13.3185V9.08183C9.66689 8.32183 10.1936 7.67683 10.8786 7.3485C11.7583 6.92671 12.5351 6.31735 13.1541 5.56324C13.7732 4.80914 14.2196 3.92859 14.4619 2.9835C14.6877 2.09183 13.9194 1.3335 13.0002 1.3335Z"
              stroke="#1B1A1A"
              stroke-linecap="round"
              stroke-linejoin="round"
              stroke-width="1.67"
            />
          </svg>
          Select filters
        </button>
      </div>
      <div
        data-testid="location-display"
      >
        /
      </div>
    </div>
  </body>,
  "container": .c0 {
  -webkit-align-items: center;
  -webkit-box-align: center;
  -ms-flex-align: center;
  align-items: center;
  background-color: #fff;
  border: 1px solid #fff;
  border-radius: 0.5rem;
  color: #1B1A1A;
  display: -webkit-box;
  display: -webkit-flex;
  display: -ms-flexbox;
  display: flex;
  gap: 10px;
  -webkit-box-pack: center;
  -webkit-justify-content: center;
  -ms-flex-pack: center;
  justify-content: center;
  padding: 0.5625rem 1rem;
  white-space: nowrap;
  width: 100%;
  font-family: Source Sans Pro,sans-serif;
  font-size: 1rem;
  font-weight: 600;
  line-height: 1.4;
  -webkit-letter-spacing: 1px;
  -moz-letter-spacing: 1px;
  -ms-letter-spacing: 1px;
  letter-spacing: 1px;
}

.c0:hover {
  background-color: #fff;
  border: 1px solid #fff;
  color: #6573FF;
}

<div>
    <div
      class=""
    >
      <button
        class="c0"
      >
        <svg
          data-testid="filterButton-icon"
          fill="none"
          height="20"
          viewBox="0 0 16 16"
          width="20"
          xmlns="http://www.w3.org/2000/svg"
        >
          <mask
            id="mask-filterButton"
          />
          <path
            d="M13.0002 1.3335H3.00023C2.07939 1.3335 1.31189 2.09183 1.53939 2.9835C1.78159 3.92841 2.22773 4.80883 2.84649 5.56292C3.46526 6.31701 4.24162 6.92647 5.12106 7.3485C5.80689 7.67683 6.33356 8.32183 6.33356 9.08183V14.1518C6.33364 14.2938 6.36999 14.4334 6.43918 14.5574C6.50837 14.6814 6.60809 14.7857 6.72889 14.8603C6.84969 14.935 6.98755 14.9775 7.1294 14.9839C7.27125 14.9903 7.41238 14.9603 7.53939 14.8968L9.20606 14.0635C9.34446 13.9943 9.46088 13.888 9.54227 13.7564C9.62366 13.6249 9.66681 13.4732 9.66689 13.3185V9.08183C9.66689 8.32183 10.1936 7.67683 10.8786 7.3485C11.7583 6.92671 12.5351 6.31735 13.1541 5.56324C13.7732 4.80914 14.2196 3.92859 14.4619 2.9835C14.6877 2.09183 13.9194 1.3335 13.0002 1.3335Z"
            stroke="#1B1A1A"
            stroke-linecap="round"
            stroke-linejoin="round"
            stroke-width="1.67"
          />
        </svg>
        Select filters
      </button>
    </div>
    <div
      data-testid="location-display"
    >
      /
    </div>
  </div>,
  "debug": [Function],
  "findAllByAltText": [Function],
  "findAllByDisplayValue": [Function],
  "findAllByLabelText": [Function],
  "findAllByPlaceholderText": [Function],
  "findAllByRole": [Function],
  "findAllByTestId": [Function],
  "findAllByText": [Function],
  "findAllByTitle": [Function],
  "findByAltText": [Function],
  "findByDisplayValue": [Function],
  "findByLabelText": [Function],
  "findByPlaceholderText": [Function],
  "findByRole": [Function],
  "findByTestId": [Function],
  "findByText": [Function],
  "findByTitle": [Function],
  "getAllByAltText": [Function],
  "getAllByDisplayValue": [Function],
  "getAllByLabelText": [Function],
  "getAllByPlaceholderText": [Function],
  "getAllByRole": [Function],
  "getAllByTestId": [Function],
  "getAllByText": [Function],
  "getAllByTitle": [Function],
  "getByAltText": [Function],
  "getByDisplayValue": [Function],
  "getByLabelText": [Function],
  "getByPlaceholderText": [Function],
  "getByRole": [Function],
  "getByTestId": [Function],
  "getByText": [Function],
  "getByTitle": [Function],
  "queryAllByAltText": [Function],
  "queryAllByDisplayValue": [Function],
  "queryAllByLabelText": [Function],
  "queryAllByPlaceholderText": [Function],
  "queryAllByRole": [Function],
  "queryAllByTestId": [Function],
  "queryAllByText": [Function],
  "queryAllByTitle": [Function],
  "queryByAltText": [Function],
  "queryByDisplayValue": [Function],
  "queryByLabelText": [Function],
  "queryByPlaceholderText": [Function],
  "queryByRole": [Function],
  "queryByTestId": [Function],
  "queryByText": [Function],
  "queryByTitle": [Function],
  "rerender": [Function],
  "store": {
    "@@observable": [Function],
    "dispatch": [Function],
    "getState": [Function],
    "replaceReducer": [Function],
    "subscribe": [Function],
  },
  "unmount": [Function],
}
`;
