// Vitest Snapshot v1, https://vitest.dev/guide/snapshot.html

exports[`ResetPassword Form > renders correctly 1`] = `
{
  "asFragment": [Function],
  "baseElement": .c4 {
  -webkit-align-items: center;
  -webkit-box-align: center;
  -ms-flex-align: center;
  align-items: center;
  display: -webkit-box;
  display: -webkit-flex;
  display: -ms-flexbox;
  display: flex;
  height: 2.875rem;
  -webkit-box-pack: start;
  -webkit-justify-content: start;
  -ms-flex-pack: start;
  justify-content: start;
  width: 100%;
}

.c3 {
  border: 1px solid #919AFF;
  border-radius: 0.5rem;
  display: -webkit-box;
  display: -webkit-flex;
  display: -ms-flexbox;
  display: flex;
  height: 2.875rem;
  padding: 0.625rem 1rem 0.625rem 1rem;
  width: 19.875rem;
}

.c3:disabled,
.c3:hover,
.c3:active,
.c3:focus {
  outline: none;
}

.c2 {
  color: white;
  display: -webkit-box;
  display: -webkit-flex;
  display: -ms-flexbox;
  display: flex;
  font-size: 16;
}

.c1 {
  display: -webkit-box;
  display: -webkit-flex;
  display: -ms-flexbox;
  display: flex;
  -webkit-flex-direction: column;
  -ms-flex-direction: column;
  flex-direction: column;
  gap: 0.6875rem;
  width: 19.875rem;
}

.c5 {
  -webkit-align-items: center;
  -webkit-box-align: center;
  -ms-flex-align: center;
  align-items: center;
  background-color: transparent;
  border: 1px solid transparent;
  border-radius: 0.5rem;
  color: #FF7C33;
  display: -webkit-box;
  display: -webkit-flex;
  display: -ms-flexbox;
  display: flex;
  gap: 10px;
  -webkit-box-pack: center;
  -webkit-justify-content: center;
  -ms-flex-pack: center;
  justify-content: center;
  padding: 0.5625rem 1rem;
  white-space: nowrap;
  width: 100%;
  font-family: Source Sans Pro,sans-serif;
  font-size: 1rem;
  font-weight: 600;
  line-height: 1.4;
  -webkit-letter-spacing: 1px;
  -moz-letter-spacing: 1px;
  -ms-letter-spacing: 1px;
  letter-spacing: 1px;
}

.c5:hover {
  background-color: #FF7C330D;
  border: 1px solid transparent;
}

.c6 {
  background-color: transparent;
  border: 1.75px solid transparent;
  color: #FF7C33;
  padding: undefinedrem 1rem;
}

.c6:hover {
  background-color: #FF7C330D;
  border: 1.75px solid transparent;
}

.c6:focus {
  background-color: #FF7C3326;
  border: 1.75px solid transparent;
}

.c0 {
  display: -webkit-box;
  display: -webkit-flex;
  display: -ms-flexbox;
  display: flex;
  -webkit-flex-direction: column;
  -ms-flex-direction: column;
  flex-direction: column;
  gap: 1rem;
  padding: 0 2.84375rem 0rem 2.84375rem;
  width: 100%;
}

<body>
    <div>
      <form
        class="c0"
      >
        <div
          class="c1"
        >
          <label
            class="c2"
            for="password"
          >
            Your new password
          </label>
          <input
            class="c3"
            data-testid="password"
            id="password"
            name="password"
            placeholder="Enter your new password"
            type="password"
          />
        </div>
        <div
          class="c1"
        >
          <label
            class="c2"
            for="confirmPassword"
          >
            Confirm the password
          </label>
          <input
            class="c3"
            data-testid="confirmPassword"
            id="confirmPassword"
            name="confirmPassword"
            placeholder="Confirm the password"
            type="password"
          />
        </div>
        <span
          class="c4"
        />
        <button
          class="c5 c6"
          type="submit"
        >
          Reset my password
        </button>
      </form>
      <div
        data-testid="location-display"
      >
        /
      </div>
    </div>
  </body>,
  "container": .c4 {
  -webkit-align-items: center;
  -webkit-box-align: center;
  -ms-flex-align: center;
  align-items: center;
  display: -webkit-box;
  display: -webkit-flex;
  display: -ms-flexbox;
  display: flex;
  height: 2.875rem;
  -webkit-box-pack: start;
  -webkit-justify-content: start;
  -ms-flex-pack: start;
  justify-content: start;
  width: 100%;
}

.c3 {
  border: 1px solid #919AFF;
  border-radius: 0.5rem;
  display: -webkit-box;
  display: -webkit-flex;
  display: -ms-flexbox;
  display: flex;
  height: 2.875rem;
  padding: 0.625rem 1rem 0.625rem 1rem;
  width: 19.875rem;
}

.c3:disabled,
.c3:hover,
.c3:active,
.c3:focus {
  outline: none;
}

.c2 {
  color: white;
  display: -webkit-box;
  display: -webkit-flex;
  display: -ms-flexbox;
  display: flex;
  font-size: 16;
}

.c1 {
  display: -webkit-box;
  display: -webkit-flex;
  display: -ms-flexbox;
  display: flex;
  -webkit-flex-direction: column;
  -ms-flex-direction: column;
  flex-direction: column;
  gap: 0.6875rem;
  width: 19.875rem;
}

.c5 {
  -webkit-align-items: center;
  -webkit-box-align: center;
  -ms-flex-align: center;
  align-items: center;
  background-color: transparent;
  border: 1px solid transparent;
  border-radius: 0.5rem;
  color: #FF7C33;
  display: -webkit-box;
  display: -webkit-flex;
  display: -ms-flexbox;
  display: flex;
  gap: 10px;
  -webkit-box-pack: center;
  -webkit-justify-content: center;
  -ms-flex-pack: center;
  justify-content: center;
  padding: 0.5625rem 1rem;
  white-space: nowrap;
  width: 100%;
  font-family: Source Sans Pro,sans-serif;
  font-size: 1rem;
  font-weight: 600;
  line-height: 1.4;
  -webkit-letter-spacing: 1px;
  -moz-letter-spacing: 1px;
  -ms-letter-spacing: 1px;
  letter-spacing: 1px;
}

.c5:hover {
  background-color: #FF7C330D;
  border: 1px solid transparent;
}

.c6 {
  background-color: transparent;
  border: 1.75px solid transparent;
  color: #FF7C33;
  padding: undefinedrem 1rem;
}

.c6:hover {
  background-color: #FF7C330D;
  border: 1.75px solid transparent;
}

.c6:focus {
  background-color: #FF7C3326;
  border: 1.75px solid transparent;
}

.c0 {
  display: -webkit-box;
  display: -webkit-flex;
  display: -ms-flexbox;
  display: flex;
  -webkit-flex-direction: column;
  -ms-flex-direction: column;
  flex-direction: column;
  gap: 1rem;
  padding: 0 2.84375rem 0rem 2.84375rem;
  width: 100%;
}

<div>
    <form
      class="c0"
    >
      <div
        class="c1"
      >
        <label
          class="c2"
          for="password"
        >
          Your new password
        </label>
        <input
          class="c3"
          data-testid="password"
          id="password"
          name="password"
          placeholder="Enter your new password"
          type="password"
        />
      </div>
      <div
        class="c1"
      >
        <label
          class="c2"
          for="confirmPassword"
        >
          Confirm the password
        </label>
        <input
          class="c3"
          data-testid="confirmPassword"
          id="confirmPassword"
          name="confirmPassword"
          placeholder="Confirm the password"
          type="password"
        />
      </div>
      <span
        class="c4"
      />
      <button
        class="c5 c6"
        type="submit"
      >
        Reset my password
      </button>
    </form>
    <div
      data-testid="location-display"
    >
      /
    </div>
  </div>,
  "debug": [Function],
  "findAllByAltText": [Function],
  "findAllByDisplayValue": [Function],
  "findAllByLabelText": [Function],
  "findAllByPlaceholderText": [Function],
  "findAllByRole": [Function],
  "findAllByTestId": [Function],
  "findAllByText": [Function],
  "findAllByTitle": [Function],
  "findByAltText": [Function],
  "findByDisplayValue": [Function],
  "findByLabelText": [Function],
  "findByPlaceholderText": [Function],
  "findByRole": [Function],
  "findByTestId": [Function],
  "findByText": [Function],
  "findByTitle": [Function],
  "getAllByAltText": [Function],
  "getAllByDisplayValue": [Function],
  "getAllByLabelText": [Function],
  "getAllByPlaceholderText": [Function],
  "getAllByRole": [Function],
  "getAllByTestId": [Function],
  "getAllByText": [Function],
  "getAllByTitle": [Function],
  "getByAltText": [Function],
  "getByDisplayValue": [Function],
  "getByLabelText": [Function],
  "getByPlaceholderText": [Function],
  "getByRole": [Function],
  "getByTestId": [Function],
  "getByText": [Function],
  "getByTitle": [Function],
  "queryAllByAltText": [Function],
  "queryAllByDisplayValue": [Function],
  "queryAllByLabelText": [Function],
  "queryAllByPlaceholderText": [Function],
  "queryAllByRole": [Function],
  "queryAllByTestId": [Function],
  "queryAllByText": [Function],
  "queryAllByTitle": [Function],
  "queryByAltText": [Function],
  "queryByDisplayValue": [Function],
  "queryByLabelText": [Function],
  "queryByPlaceholderText": [Function],
  "queryByRole": [Function],
  "queryByTestId": [Function],
  "queryByText": [Function],
  "queryByTitle": [Function],
  "rerender": [Function],
  "store": {
    "@@observable": [Function],
    "dispatch": [Function],
    "getState": [Function],
    "replaceReducer": [Function],
    "subscribe": [Function],
  },
  "unmount": [Function],
}
`;
