// Vitest Snapshot v1, https://vitest.dev/guide/snapshot.html

exports[`ViewSwitch > renders correctly 1`] = `
{
  "asFragment": [Function],
  "baseElement": .c0 {
  display: -webkit-box;
  display: -webkit-flex;
  display: -ms-flexbox;
  display: flex;
  height: 2.5rem;
  position: relative;
  width: 5rem;
}

.c2 {
  -webkit-transition: 0.4s;
  -webkit-align-items: center;
  -webkit-box-align: center;
  -ms-flex-align: center;
  align-items: center;
  background-color: #CACACA;
  border-radius: 8px;
  bottom: 0;
  cursor: pointer;
  display: -webkit-box;
  display: -webkit-flex;
  display: -ms-flexbox;
  display: flex;
  gap: 1.5rem;
  -webkit-box-pack: center;
  -webkit-justify-content: center;
  -ms-flex-pack: center;
  justify-content: center;
  position: absolute;
  top: 0;
  -webkit-transition: 0.4s;
  transition: 0.4s;
  width: 100%;
  z-index: 2;
}

.c2:before {
  -webkit-transition: 0.4s;
  background-color: #FCFEFF;
  border-radius: 8px;
  bottom: 0;
  content: '';
  height: 2.5rem;
  left: 0;
  position: absolute;
  -webkit-transform: translateX(0px);
  -ms-transform: translateX(0px);
  transform: translateX(0px);
  -webkit-transition: 0.4s;
  transition: 0.4s;
  width: 2.5rem;
  z-index: -1;
}

.c1 {
  height: 0;
  opacity: 0;
  width: 0;
}

<body>
    <div>
      <label
        class="c0"
        data-testid="view-switch"
      >
        <input
          class="c1"
          type="checkbox"
        />
        <span
          class="c2"
          data-testid="view-switch-slider"
        >
          <svg
            data-testid="listbox-icon"
            fill="none"
            height="16"
            viewBox=" 0 0 18 18"
            width="16"
            xmlns="http://www.w3.org/2000/svg"
          >
            <mask
              id="mask-listbox"
            />
            <path
              d="M8 5H13M13 9H8M13 13H8M5 5H5.001M5 9H5.001M5 13H5.001M3 17H15C15.5304 17 16.0391 16.7893 16.4142 16.4142C16.7893 16.0391 17 15.5304 17 15V3C17 2.46957 16.7893 1.96086 16.4142 1.58579C16.0391 1.21071 15.5304 1 15 1H3C2.46957 1 1.96086 1.21071 1.58579 1.58579C1.21071 1.96086 1 2.46957 1 3V15C1 15.5304 1.21071 16.0391 1.58579 16.4142C1.96086 16.7893 2.46957 17 3 17Z"
              stroke="#4553DD"
              stroke-linecap="round"
              stroke-linejoin="round"
              stroke-width="1.5"
            />
          </svg>
          <svg
            data-testid="buildingPlan-icon"
            fill="none"
            height="16"
            viewBox=" 0 0 18 18"
            width="16"
            xmlns="http://www.w3.org/2000/svg"
          >
            <mask
              id="mask-buildingPlan"
            />
            <path
              d="M17 16V7.5C17 7.34475 16.9639 7.19164 16.8944 7.05279C16.825 6.91393 16.7242 6.79315 16.6 6.7L9.6 1.45C9.4269 1.32018 9.21637 1.25 9 1.25C8.78363 1.25 8.5731 1.32018 8.4 1.45L1.4 6.7C1.2758 6.79315 1.175 6.91393 1.10557 7.05279C1.03614 7.19164 1 7.34475 1 7.5V16C1 16.2652 1.10536 16.5196 1.29289 16.7071C1.48043 16.8946 1.73478 17 2 17H16C16.2652 17 16.5196 16.8946 16.7071 16.7071C16.8946 16.5196 17 16.2652 17 16Z"
              stroke="#767676"
              stroke-linecap="round"
              stroke-linejoin="round"
              stroke-width="1.67"
            />
          </svg>
        </span>
      </label>
      <div
        data-testid="location-display"
      >
        /
      </div>
    </div>
  </body>,
  "container": .c0 {
  display: -webkit-box;
  display: -webkit-flex;
  display: -ms-flexbox;
  display: flex;
  height: 2.5rem;
  position: relative;
  width: 5rem;
}

.c2 {
  -webkit-transition: 0.4s;
  -webkit-align-items: center;
  -webkit-box-align: center;
  -ms-flex-align: center;
  align-items: center;
  background-color: #CACACA;
  border-radius: 8px;
  bottom: 0;
  cursor: pointer;
  display: -webkit-box;
  display: -webkit-flex;
  display: -ms-flexbox;
  display: flex;
  gap: 1.5rem;
  -webkit-box-pack: center;
  -webkit-justify-content: center;
  -ms-flex-pack: center;
  justify-content: center;
  position: absolute;
  top: 0;
  -webkit-transition: 0.4s;
  transition: 0.4s;
  width: 100%;
  z-index: 2;
}

.c2:before {
  -webkit-transition: 0.4s;
  background-color: #FCFEFF;
  border-radius: 8px;
  bottom: 0;
  content: '';
  height: 2.5rem;
  left: 0;
  position: absolute;
  -webkit-transform: translateX(0px);
  -ms-transform: translateX(0px);
  transform: translateX(0px);
  -webkit-transition: 0.4s;
  transition: 0.4s;
  width: 2.5rem;
  z-index: -1;
}

.c1 {
  height: 0;
  opacity: 0;
  width: 0;
}

<div>
    <label
      class="c0"
      data-testid="view-switch"
    >
      <input
        class="c1"
        type="checkbox"
      />
      <span
        class="c2"
        data-testid="view-switch-slider"
      >
        <svg
          data-testid="listbox-icon"
          fill="none"
          height="16"
          viewBox=" 0 0 18 18"
          width="16"
          xmlns="http://www.w3.org/2000/svg"
        >
          <mask
            id="mask-listbox"
          />
          <path
            d="M8 5H13M13 9H8M13 13H8M5 5H5.001M5 9H5.001M5 13H5.001M3 17H15C15.5304 17 16.0391 16.7893 16.4142 16.4142C16.7893 16.0391 17 15.5304 17 15V3C17 2.46957 16.7893 1.96086 16.4142 1.58579C16.0391 1.21071 15.5304 1 15 1H3C2.46957 1 1.96086 1.21071 1.58579 1.58579C1.21071 1.96086 1 2.46957 1 3V15C1 15.5304 1.21071 16.0391 1.58579 16.4142C1.96086 16.7893 2.46957 17 3 17Z"
            stroke="#4553DD"
            stroke-linecap="round"
            stroke-linejoin="round"
            stroke-width="1.5"
          />
        </svg>
        <svg
          data-testid="buildingPlan-icon"
          fill="none"
          height="16"
          viewBox=" 0 0 18 18"
          width="16"
          xmlns="http://www.w3.org/2000/svg"
        >
          <mask
            id="mask-buildingPlan"
          />
          <path
            d="M17 16V7.5C17 7.34475 16.9639 7.19164 16.8944 7.05279C16.825 6.91393 16.7242 6.79315 16.6 6.7L9.6 1.45C9.4269 1.32018 9.21637 1.25 9 1.25C8.78363 1.25 8.5731 1.32018 8.4 1.45L1.4 6.7C1.2758 6.79315 1.175 6.91393 1.10557 7.05279C1.03614 7.19164 1 7.34475 1 7.5V16C1 16.2652 1.10536 16.5196 1.29289 16.7071C1.48043 16.8946 1.73478 17 2 17H16C16.2652 17 16.5196 16.8946 16.7071 16.7071C16.8946 16.5196 17 16.2652 17 16Z"
            stroke="#767676"
            stroke-linecap="round"
            stroke-linejoin="round"
            stroke-width="1.67"
          />
        </svg>
      </span>
    </label>
    <div
      data-testid="location-display"
    >
      /
    </div>
  </div>,
  "debug": [Function],
  "findAllByAltText": [Function],
  "findAllByDisplayValue": [Function],
  "findAllByLabelText": [Function],
  "findAllByPlaceholderText": [Function],
  "findAllByRole": [Function],
  "findAllByTestId": [Function],
  "findAllByText": [Function],
  "findAllByTitle": [Function],
  "findByAltText": [Function],
  "findByDisplayValue": [Function],
  "findByLabelText": [Function],
  "findByPlaceholderText": [Function],
  "findByRole": [Function],
  "findByTestId": [Function],
  "findByText": [Function],
  "findByTitle": [Function],
  "getAllByAltText": [Function],
  "getAllByDisplayValue": [Function],
  "getAllByLabelText": [Function],
  "getAllByPlaceholderText": [Function],
  "getAllByRole": [Function],
  "getAllByTestId": [Function],
  "getAllByText": [Function],
  "getAllByTitle": [Function],
  "getByAltText": [Function],
  "getByDisplayValue": [Function],
  "getByLabelText": [Function],
  "getByPlaceholderText": [Function],
  "getByRole": [Function],
  "getByTestId": [Function],
  "getByText": [Function],
  "getByTitle": [Function],
  "queryAllByAltText": [Function],
  "queryAllByDisplayValue": [Function],
  "queryAllByLabelText": [Function],
  "queryAllByPlaceholderText": [Function],
  "queryAllByRole": [Function],
  "queryAllByTestId": [Function],
  "queryAllByText": [Function],
  "queryAllByTitle": [Function],
  "queryByAltText": [Function],
  "queryByDisplayValue": [Function],
  "queryByLabelText": [Function],
  "queryByPlaceholderText": [Function],
  "queryByRole": [Function],
  "queryByTestId": [Function],
  "queryByText": [Function],
  "queryByTitle": [Function],
  "rerender": [Function],
  "store": {
    "@@observable": [Function],
    "dispatch": [Function],
    "getState": [Function],
    "replaceReducer": [Function],
    "subscribe": [Function],
  },
  "unmount": [Function],
}
`;
