// Vitest Snapshot v1, https://vitest.dev/guide/snapshot.html

exports[`VotingsItem > should renders correctly VotingsItem 1`] = `
{
  "asFragment": [Function],
  "baseElement": .c2 {
  -webkit-align-items: center;
  -webkit-box-align: center;
  -ms-flex-align: center;
  align-items: center;
  background-color: #30BA57;
  border: 1px solid transparent;
  border-radius: 8px;
  color: #fff;
  display: -webkit-box;
  display: -webkit-flex;
  display: -ms-flexbox;
  display: flex;
  height: 1.5rem;
  -webkit-box-pack: center;
  -webkit-justify-content: center;
  -ms-flex-pack: center;
  justify-content: center;
  padding: 0 1rem;
  width: 100%;
}

.c6 {
  -webkit-align-items: center;
  -webkit-box-align: center;
  -ms-flex-align: center;
  align-items: center;
  background-color: #F56513;
  border: 1px solid #F56513;
  border-radius: 0.5rem;
  color: #FCFEFF;
  display: -webkit-box;
  display: -webkit-flex;
  display: -ms-flexbox;
  display: flex;
  gap: 10px;
  -webkit-box-pack: center;
  -webkit-justify-content: center;
  -ms-flex-pack: center;
  justify-content: center;
  padding: 0.5625rem 1rem;
  white-space: nowrap;
  width: 100%;
  font-family: Source Sans Pro,sans-serif;
  font-size: 1rem;
  font-weight: 600;
  line-height: 1.4;
  -webkit-letter-spacing: 1px;
  -moz-letter-spacing: 1px;
  -ms-letter-spacing: 1px;
  letter-spacing: 1px;
}

.c6:hover {
  background-color: #FF7C33;
  border: 1px solid #FF7C33;
}

.c4 {
  -webkit-align-items: center;
  -webkit-box-align: center;
  -ms-flex-align: center;
  align-items: center;
  background-color: transparent;
  color: #4553DD;
  display: -webkit-box;
  display: -webkit-flex;
  display: -ms-flexbox;
  display: flex;
  -webkit-box-pack: center;
  -webkit-justify-content: center;
  -ms-flex-pack: center;
  justify-content: center;
}

.c0 {
  -webkit-align-items: center;
  -webkit-box-align: center;
  -ms-flex-align: center;
  align-items: center;
  border-bottom: 1px solid #CACACA;
  display: -webkit-box;
  display: -webkit-flex;
  display: -ms-flexbox;
  display: flex;
  -webkit-flex-direction: column;
  -ms-flex-direction: column;
  flex-direction: column;
  margin-left: 1.125rem;
  margin-right: 1.125rem;
  width: calc(100% - 2.25rem);
}

.c0:last-child {
  margin-bottom: 0.938rem;
}

.c1 {
  border-bottom: none;
  cursor: pointer;
  -webkit-flex-direction: row;
  -ms-flex-direction: row;
  flex-direction: row;
  padding: 2rem 0 2rem 0rem;
}

.c1:last-child {
  margin-bottom: 0rem;
}

.c5 {
  display: -webkit-box;
  display: -webkit-flex;
  display: -ms-flexbox;
  display: flex;
  -webkit-flex-direction: column;
  -ms-flex-direction: column;
  flex-direction: column;
  gap: 1.875rem;
  height: 0px;
  -webkit-box-pack: start;
  -webkit-justify-content: flex-start;
  -ms-flex-pack: start;
  justify-content: flex-start;
  opacity: 0;
  overflow: hidden;
  -webkit-transition: opacity 0.25s linear,height 0.3s linear,visibility 0.3s linear;
  transition: opacity 0.25s linear,height 0.3s linear,visibility 0.3s linear;
  visibility: hidden;
  width: calc(100% - 2.25rem);
}

.c3 {
  -webkit-transform: rotate(90deg);
  -ms-transform: rotate(90deg);
  transform: rotate(90deg);
  -webkit-transition-duration: 0.3s;
  transition-duration: 0.3s;
}

<body>
    <div>
      <div
        class="c0"
      >
        <div
          class="c0 c1"
          data-testid="votings-item"
        >
          <svg
            data-testid="document-icon"
            fill="none"
            height="20"
            viewBox=" 0 0 20 19"
            width="20"
            xmlns="http://www.w3.org/2000/svg"
          >
            <mask
              id="mask-document"
            />
            <path
              d="M17 17.5H3C1.4 17.5 1 16.167 1 15.5V3.5C1 2.96957 1.21071 2.46086 1.58579 2.08579C1.96086 1.71071 2.46957 1.5 3 1.5H13C13.5304 1.5 14.0391 1.71071 14.4142 2.08579C14.7893 2.46086 15 2.96957 15 3.5V9.5M17 17.5C16.333 17.5 15 17.1 15 15.5V9.5M17 17.5C18.6 17.5 19 16.167 19 15.5V9.5H15"
              stroke="#4B4B4B"
              stroke-linecap="round"
              stroke-linejoin="round"
              stroke-width="1.67"
            />
          </svg>
          <h4
            style="font-family: Source Sans Pro, sans-serif; font-size: 1rem; font-weight: 600; line-height: 1.4; letter-spacing: 1px; color: rgb(75, 75, 75); margin-left: 1.188rem; flex: 1;"
          >
            Resolution 
            05/2023
          </h4>
          <h5
            style="font-family: Source Sans Pro, sans-serif; font-weight: 600; font-size: 0.875rem; line-height: 1.4; letter-spacing: 0; margin-right: 1.438rem;"
          >
            <div
              class="c2"
            >
              22
               days left
            </div>
          </h5>
          <div
            class="c3"
            data-testid="votings-item-icon"
          >
            <button
              class="c4"
            >
              <svg
                data-testid="arrowRight-icon"
                fill="none"
                height="20"
                viewBox="0 0 20 20"
                width="20"
                xmlns="http://www.w3.org/2000/svg"
              >
                <mask
                  id="mask-arrowRight"
                />
                <path
                  d="M8.33325 5.83334L12.4999 10L8.33325 14.1667"
                  stroke="#4B4B4B"
                  stroke-linecap="round"
                  stroke-linejoin="round"
                  stroke-width="1.39167"
                />
              </svg>
            </button>
          </div>
        </div>
        <div
          class="c5"
          data-testid="unfolded-container"
        >
          <p
            style="font-family: Source Sans Pro, sans-serif; font-weight: 400; font-size: 0.875rem; line-height: 1.4; letter-spacing: 1px; color: rgb(75, 75, 75); padding: 10px 6px;"
          >
            Resolution on the transfer of the water supply network located in the housing estate to the municipal water supply and sewage company
          </p>
          <div
            class=""
            style="display: flex; justify-content: flex-end; width: 100%;"
          >
            <div
              class=""
              style="margin-right: 2.8rem;"
            >
              <button
                class="c6"
                type="button"
              >
                Vote now
              </button>
            </div>
          </div>
        </div>
      </div>
      <div
        data-testid="location-display"
      >
        /
      </div>
    </div>
  </body>,
  "container": .c2 {
  -webkit-align-items: center;
  -webkit-box-align: center;
  -ms-flex-align: center;
  align-items: center;
  background-color: #30BA57;
  border: 1px solid transparent;
  border-radius: 8px;
  color: #fff;
  display: -webkit-box;
  display: -webkit-flex;
  display: -ms-flexbox;
  display: flex;
  height: 1.5rem;
  -webkit-box-pack: center;
  -webkit-justify-content: center;
  -ms-flex-pack: center;
  justify-content: center;
  padding: 0 1rem;
  width: 100%;
}

.c6 {
  -webkit-align-items: center;
  -webkit-box-align: center;
  -ms-flex-align: center;
  align-items: center;
  background-color: #F56513;
  border: 1px solid #F56513;
  border-radius: 0.5rem;
  color: #FCFEFF;
  display: -webkit-box;
  display: -webkit-flex;
  display: -ms-flexbox;
  display: flex;
  gap: 10px;
  -webkit-box-pack: center;
  -webkit-justify-content: center;
  -ms-flex-pack: center;
  justify-content: center;
  padding: 0.5625rem 1rem;
  white-space: nowrap;
  width: 100%;
  font-family: Source Sans Pro,sans-serif;
  font-size: 1rem;
  font-weight: 600;
  line-height: 1.4;
  -webkit-letter-spacing: 1px;
  -moz-letter-spacing: 1px;
  -ms-letter-spacing: 1px;
  letter-spacing: 1px;
}

.c6:hover {
  background-color: #FF7C33;
  border: 1px solid #FF7C33;
}

.c4 {
  -webkit-align-items: center;
  -webkit-box-align: center;
  -ms-flex-align: center;
  align-items: center;
  background-color: transparent;
  color: #4553DD;
  display: -webkit-box;
  display: -webkit-flex;
  display: -ms-flexbox;
  display: flex;
  -webkit-box-pack: center;
  -webkit-justify-content: center;
  -ms-flex-pack: center;
  justify-content: center;
}

.c0 {
  -webkit-align-items: center;
  -webkit-box-align: center;
  -ms-flex-align: center;
  align-items: center;
  border-bottom: 1px solid #CACACA;
  display: -webkit-box;
  display: -webkit-flex;
  display: -ms-flexbox;
  display: flex;
  -webkit-flex-direction: column;
  -ms-flex-direction: column;
  flex-direction: column;
  margin-left: 1.125rem;
  margin-right: 1.125rem;
  width: calc(100% - 2.25rem);
}

.c0:last-child {
  margin-bottom: 0.938rem;
}

.c1 {
  border-bottom: none;
  cursor: pointer;
  -webkit-flex-direction: row;
  -ms-flex-direction: row;
  flex-direction: row;
  padding: 2rem 0 2rem 0rem;
}

.c1:last-child {
  margin-bottom: 0rem;
}

.c5 {
  display: -webkit-box;
  display: -webkit-flex;
  display: -ms-flexbox;
  display: flex;
  -webkit-flex-direction: column;
  -ms-flex-direction: column;
  flex-direction: column;
  gap: 1.875rem;
  height: 0px;
  -webkit-box-pack: start;
  -webkit-justify-content: flex-start;
  -ms-flex-pack: start;
  justify-content: flex-start;
  opacity: 0;
  overflow: hidden;
  -webkit-transition: opacity 0.25s linear,height 0.3s linear,visibility 0.3s linear;
  transition: opacity 0.25s linear,height 0.3s linear,visibility 0.3s linear;
  visibility: hidden;
  width: calc(100% - 2.25rem);
}

.c3 {
  -webkit-transform: rotate(90deg);
  -ms-transform: rotate(90deg);
  transform: rotate(90deg);
  -webkit-transition-duration: 0.3s;
  transition-duration: 0.3s;
}

<div>
    <div
      class="c0"
    >
      <div
        class="c0 c1"
        data-testid="votings-item"
      >
        <svg
          data-testid="document-icon"
          fill="none"
          height="20"
          viewBox=" 0 0 20 19"
          width="20"
          xmlns="http://www.w3.org/2000/svg"
        >
          <mask
            id="mask-document"
          />
          <path
            d="M17 17.5H3C1.4 17.5 1 16.167 1 15.5V3.5C1 2.96957 1.21071 2.46086 1.58579 2.08579C1.96086 1.71071 2.46957 1.5 3 1.5H13C13.5304 1.5 14.0391 1.71071 14.4142 2.08579C14.7893 2.46086 15 2.96957 15 3.5V9.5M17 17.5C16.333 17.5 15 17.1 15 15.5V9.5M17 17.5C18.6 17.5 19 16.167 19 15.5V9.5H15"
            stroke="#4B4B4B"
            stroke-linecap="round"
            stroke-linejoin="round"
            stroke-width="1.67"
          />
        </svg>
        <h4
          style="font-family: Source Sans Pro, sans-serif; font-size: 1rem; font-weight: 600; line-height: 1.4; letter-spacing: 1px; color: rgb(75, 75, 75); margin-left: 1.188rem; flex: 1;"
        >
          Resolution 
          05/2023
        </h4>
        <h5
          style="font-family: Source Sans Pro, sans-serif; font-weight: 600; font-size: 0.875rem; line-height: 1.4; letter-spacing: 0; margin-right: 1.438rem;"
        >
          <div
            class="c2"
          >
            22
             days left
          </div>
        </h5>
        <div
          class="c3"
          data-testid="votings-item-icon"
        >
          <button
            class="c4"
          >
            <svg
              data-testid="arrowRight-icon"
              fill="none"
              height="20"
              viewBox="0 0 20 20"
              width="20"
              xmlns="http://www.w3.org/2000/svg"
            >
              <mask
                id="mask-arrowRight"
              />
              <path
                d="M8.33325 5.83334L12.4999 10L8.33325 14.1667"
                stroke="#4B4B4B"
                stroke-linecap="round"
                stroke-linejoin="round"
                stroke-width="1.39167"
              />
            </svg>
          </button>
        </div>
      </div>
      <div
        class="c5"
        data-testid="unfolded-container"
      >
        <p
          style="font-family: Source Sans Pro, sans-serif; font-weight: 400; font-size: 0.875rem; line-height: 1.4; letter-spacing: 1px; color: rgb(75, 75, 75); padding: 10px 6px;"
        >
          Resolution on the transfer of the water supply network located in the housing estate to the municipal water supply and sewage company
        </p>
        <div
          class=""
          style="display: flex; justify-content: flex-end; width: 100%;"
        >
          <div
            class=""
            style="margin-right: 2.8rem;"
          >
            <button
              class="c6"
              type="button"
            >
              Vote now
            </button>
          </div>
        </div>
      </div>
    </div>
    <div
      data-testid="location-display"
    >
      /
    </div>
  </div>,
  "debug": [Function],
  "findAllByAltText": [Function],
  "findAllByDisplayValue": [Function],
  "findAllByLabelText": [Function],
  "findAllByPlaceholderText": [Function],
  "findAllByRole": [Function],
  "findAllByTestId": [Function],
  "findAllByText": [Function],
  "findAllByTitle": [Function],
  "findByAltText": [Function],
  "findByDisplayValue": [Function],
  "findByLabelText": [Function],
  "findByPlaceholderText": [Function],
  "findByRole": [Function],
  "findByTestId": [Function],
  "findByText": [Function],
  "findByTitle": [Function],
  "getAllByAltText": [Function],
  "getAllByDisplayValue": [Function],
  "getAllByLabelText": [Function],
  "getAllByPlaceholderText": [Function],
  "getAllByRole": [Function],
  "getAllByTestId": [Function],
  "getAllByText": [Function],
  "getAllByTitle": [Function],
  "getByAltText": [Function],
  "getByDisplayValue": [Function],
  "getByLabelText": [Function],
  "getByPlaceholderText": [Function],
  "getByRole": [Function],
  "getByTestId": [Function],
  "getByText": [Function],
  "getByTitle": [Function],
  "queryAllByAltText": [Function],
  "queryAllByDisplayValue": [Function],
  "queryAllByLabelText": [Function],
  "queryAllByPlaceholderText": [Function],
  "queryAllByRole": [Function],
  "queryAllByTestId": [Function],
  "queryAllByText": [Function],
  "queryAllByTitle": [Function],
  "queryByAltText": [Function],
  "queryByDisplayValue": [Function],
  "queryByLabelText": [Function],
  "queryByPlaceholderText": [Function],
  "queryByRole": [Function],
  "queryByTestId": [Function],
  "queryByText": [Function],
  "queryByTitle": [Function],
  "rerender": [Function],
  "store": {
    "@@observable": [Function],
    "dispatch": [Function],
    "getState": [Function],
    "replaceReducer": [Function],
    "subscribe": [Function],
  },
  "unmount": [Function],
}
`;
