// Vitest Snapshot v1, https://vitest.dev/guide/snapshot.html

exports[`Scroll > should renders correctly Spinner 1`] = `
{
  "asFragment": [Function],
  "baseElement": <body>
    <div>
      <svg
        height="24"
        viewBox="0 0 24 24"
        width="24"
        xmlns="http://www.w3.org/2000/svg"
      >
        <g>
          <circle
            cx="12"
            cy="3"
            r="1"
          >
            <animate
              attributeName="r"
              begin="0;spinner_tKsu.end-0.5s"
              calcMode="spline"
              dur="0.6s"
              id="spinner_7Z73"
              keySplines=".27,.42,.37,.99;.53,0,.61,.73"
              values="1;2;1"
            />
          </circle>
          <circle
            cx="16.50"
            cy="4.21"
            r="1"
          >
            <animate
              attributeName="r"
              begin="spinner_7Z73.begin+0.1s"
              calcMode="spline"
              dur="0.6s"
              id="spinner_Wd87"
              keySplines=".27,.42,.37,.99;.53,0,.61,.73"
              values="1;2;1"
            />
          </circle>
          <circle
            cx="7.50"
            cy="4.21"
            r="1"
          >
            <animate
              attributeName="r"
              begin="spinner_9Qlc.begin+0.1s"
              calcMode="spline"
              dur="0.6s"
              id="spinner_tKsu"
              keySplines=".27,.42,.37,.99;.53,0,.61,.73"
              values="1;2;1"
            />
          </circle>
          <circle
            cx="19.79"
            cy="7.50"
            r="1"
          >
            <animate
              attributeName="r"
              begin="spinner_Wd87.begin+0.1s"
              calcMode="spline"
              dur="0.6s"
              id="spinner_lMMO"
              keySplines=".27,.42,.37,.99;.53,0,.61,.73"
              values="1;2;1"
            />
          </circle>
          <circle
            cx="4.21"
            cy="7.50"
            r="1"
          >
            <animate
              attributeName="r"
              begin="spinner_Khxv.begin+0.1s"
              calcMode="spline"
              dur="0.6s"
              id="spinner_9Qlc"
              keySplines=".27,.42,.37,.99;.53,0,.61,.73"
              values="1;2;1"
            />
          </circle>
          <circle
            cx="21.00"
            cy="12.00"
            r="1"
          >
            <animate
              attributeName="r"
              begin="spinner_lMMO.begin+0.1s"
              calcMode="spline"
              dur="0.6s"
              id="spinner_5L9t"
              keySplines=".27,.42,.37,.99;.53,0,.61,.73"
              values="1;2;1"
            />
          </circle>
          <circle
            cx="3.00"
            cy="12.00"
            r="1"
          >
            <animate
              attributeName="r"
              begin="spinner_ld6P.begin+0.1s"
              calcMode="spline"
              dur="0.6s"
              id="spinner_Khxv"
              keySplines=".27,.42,.37,.99;.53,0,.61,.73"
              values="1;2;1"
            />
          </circle>
          <circle
            cx="19.79"
            cy="16.50"
            r="1"
          >
            <animate
              attributeName="r"
              begin="spinner_5L9t.begin+0.1s"
              calcMode="spline"
              dur="0.6s"
              id="spinner_BfTD"
              keySplines=".27,.42,.37,.99;.53,0,.61,.73"
              values="1;2;1"
            />
          </circle>
          <circle
            cx="4.21"
            cy="16.50"
            r="1"
          >
            <animate
              attributeName="r"
              begin="spinner_XyBs.begin+0.1s"
              calcMode="spline"
              dur="0.6s"
              id="spinner_ld6P"
              keySplines=".27,.42,.37,.99;.53,0,.61,.73"
              values="1;2;1"
            />
          </circle>
          <circle
            cx="16.50"
            cy="19.79"
            r="1"
          >
            <animate
              attributeName="r"
              begin="spinner_BfTD.begin+0.1s"
              calcMode="spline"
              dur="0.6s"
              id="spinner_7gAK"
              keySplines=".27,.42,.37,.99;.53,0,.61,.73"
              values="1;2;1"
            />
          </circle>
          <circle
            cx="7.50"
            cy="19.79"
            r="1"
          >
            <animate
              attributeName="r"
              begin="spinner_HiSl.begin+0.1s"
              calcMode="spline"
              dur="0.6s"
              id="spinner_XyBs"
              keySplines=".27,.42,.37,.99;.53,0,.61,.73"
              values="1;2;1"
            />
          </circle>
          <circle
            cx="12"
            cy="21"
            r="1"
          >
            <animate
              attributeName="r"
              begin="spinner_7gAK.begin+0.1s"
              calcMode="spline"
              dur="0.6s"
              id="spinner_HiSl"
              keySplines=".27,.42,.37,.99;.53,0,.61,.73"
              values="1;2;1"
            />
          </circle>
          <animatetransform
            attributeName="transform"
            dur="6s"
            repeatCount="indefinite"
            type="rotate"
            values="360 12 12;0 12 12"
          />
        </g>
      </svg>
      <div
        data-testid="location-display"
      >
        /
      </div>
    </div>
  </body>,
  "container": <div>
    <svg
      height="24"
      viewBox="0 0 24 24"
      width="24"
      xmlns="http://www.w3.org/2000/svg"
    >
      <g>
        <circle
          cx="12"
          cy="3"
          r="1"
        >
          <animate
            attributeName="r"
            begin="0;spinner_tKsu.end-0.5s"
            calcMode="spline"
            dur="0.6s"
            id="spinner_7Z73"
            keySplines=".27,.42,.37,.99;.53,0,.61,.73"
            values="1;2;1"
          />
        </circle>
        <circle
          cx="16.50"
          cy="4.21"
          r="1"
        >
          <animate
            attributeName="r"
            begin="spinner_7Z73.begin+0.1s"
            calcMode="spline"
            dur="0.6s"
            id="spinner_Wd87"
            keySplines=".27,.42,.37,.99;.53,0,.61,.73"
            values="1;2;1"
          />
        </circle>
        <circle
          cx="7.50"
          cy="4.21"
          r="1"
        >
          <animate
            attributeName="r"
            begin="spinner_9Qlc.begin+0.1s"
            calcMode="spline"
            dur="0.6s"
            id="spinner_tKsu"
            keySplines=".27,.42,.37,.99;.53,0,.61,.73"
            values="1;2;1"
          />
        </circle>
        <circle
          cx="19.79"
          cy="7.50"
          r="1"
        >
          <animate
            attributeName="r"
            begin="spinner_Wd87.begin+0.1s"
            calcMode="spline"
            dur="0.6s"
            id="spinner_lMMO"
            keySplines=".27,.42,.37,.99;.53,0,.61,.73"
            values="1;2;1"
          />
        </circle>
        <circle
          cx="4.21"
          cy="7.50"
          r="1"
        >
          <animate
            attributeName="r"
            begin="spinner_Khxv.begin+0.1s"
            calcMode="spline"
            dur="0.6s"
            id="spinner_9Qlc"
            keySplines=".27,.42,.37,.99;.53,0,.61,.73"
            values="1;2;1"
          />
        </circle>
        <circle
          cx="21.00"
          cy="12.00"
          r="1"
        >
          <animate
            attributeName="r"
            begin="spinner_lMMO.begin+0.1s"
            calcMode="spline"
            dur="0.6s"
            id="spinner_5L9t"
            keySplines=".27,.42,.37,.99;.53,0,.61,.73"
            values="1;2;1"
          />
        </circle>
        <circle
          cx="3.00"
          cy="12.00"
          r="1"
        >
          <animate
            attributeName="r"
            begin="spinner_ld6P.begin+0.1s"
            calcMode="spline"
            dur="0.6s"
            id="spinner_Khxv"
            keySplines=".27,.42,.37,.99;.53,0,.61,.73"
            values="1;2;1"
          />
        </circle>
        <circle
          cx="19.79"
          cy="16.50"
          r="1"
        >
          <animate
            attributeName="r"
            begin="spinner_5L9t.begin+0.1s"
            calcMode="spline"
            dur="0.6s"
            id="spinner_BfTD"
            keySplines=".27,.42,.37,.99;.53,0,.61,.73"
            values="1;2;1"
          />
        </circle>
        <circle
          cx="4.21"
          cy="16.50"
          r="1"
        >
          <animate
            attributeName="r"
            begin="spinner_XyBs.begin+0.1s"
            calcMode="spline"
            dur="0.6s"
            id="spinner_ld6P"
            keySplines=".27,.42,.37,.99;.53,0,.61,.73"
            values="1;2;1"
          />
        </circle>
        <circle
          cx="16.50"
          cy="19.79"
          r="1"
        >
          <animate
            attributeName="r"
            begin="spinner_BfTD.begin+0.1s"
            calcMode="spline"
            dur="0.6s"
            id="spinner_7gAK"
            keySplines=".27,.42,.37,.99;.53,0,.61,.73"
            values="1;2;1"
          />
        </circle>
        <circle
          cx="7.50"
          cy="19.79"
          r="1"
        >
          <animate
            attributeName="r"
            begin="spinner_HiSl.begin+0.1s"
            calcMode="spline"
            dur="0.6s"
            id="spinner_XyBs"
            keySplines=".27,.42,.37,.99;.53,0,.61,.73"
            values="1;2;1"
          />
        </circle>
        <circle
          cx="12"
          cy="21"
          r="1"
        >
          <animate
            attributeName="r"
            begin="spinner_7gAK.begin+0.1s"
            calcMode="spline"
            dur="0.6s"
            id="spinner_HiSl"
            keySplines=".27,.42,.37,.99;.53,0,.61,.73"
            values="1;2;1"
          />
        </circle>
        <animatetransform
          attributeName="transform"
          dur="6s"
          repeatCount="indefinite"
          type="rotate"
          values="360 12 12;0 12 12"
        />
      </g>
    </svg>
    <div
      data-testid="location-display"
    >
      /
    </div>
  </div>,
  "debug": [Function],
  "findAllByAltText": [Function],
  "findAllByDisplayValue": [Function],
  "findAllByLabelText": [Function],
  "findAllByPlaceholderText": [Function],
  "findAllByRole": [Function],
  "findAllByTestId": [Function],
  "findAllByText": [Function],
  "findAllByTitle": [Function],
  "findByAltText": [Function],
  "findByDisplayValue": [Function],
  "findByLabelText": [Function],
  "findByPlaceholderText": [Function],
  "findByRole": [Function],
  "findByTestId": [Function],
  "findByText": [Function],
  "findByTitle": [Function],
  "getAllByAltText": [Function],
  "getAllByDisplayValue": [Function],
  "getAllByLabelText": [Function],
  "getAllByPlaceholderText": [Function],
  "getAllByRole": [Function],
  "getAllByTestId": [Function],
  "getAllByText": [Function],
  "getAllByTitle": [Function],
  "getByAltText": [Function],
  "getByDisplayValue": [Function],
  "getByLabelText": [Function],
  "getByPlaceholderText": [Function],
  "getByRole": [Function],
  "getByTestId": [Function],
  "getByText": [Function],
  "getByTitle": [Function],
  "queryAllByAltText": [Function],
  "queryAllByDisplayValue": [Function],
  "queryAllByLabelText": [Function],
  "queryAllByPlaceholderText": [Function],
  "queryAllByRole": [Function],
  "queryAllByTestId": [Function],
  "queryAllByText": [Function],
  "queryAllByTitle": [Function],
  "queryByAltText": [Function],
  "queryByDisplayValue": [Function],
  "queryByLabelText": [Function],
  "queryByPlaceholderText": [Function],
  "queryByRole": [Function],
  "queryByTestId": [Function],
  "queryByText": [Function],
  "queryByTitle": [Function],
  "rerender": [Function],
  "store": {
    "@@observable": [Function],
    "dispatch": [Function],
    "getState": [Function],
    "replaceReducer": [Function],
    "subscribe": [Function],
  },
  "unmount": [Function],
}
`;
