// Vitest Snapshot v1, https://vitest.dev/guide/snapshot.html

exports[`ProfileImage > renders correctly 1`] = `
{
  "asFragment": [Function],
  "baseElement": .c0 {
  border-radius: 50%;
  height: 1.5rem;
  width: 1.5rem;
}

<body>
    <div>
      <img
        alt="profile"
        class="c0"
        size="1.5"
        src="/src/assets/img/Avatar.svg"
      />
      <div
        data-testid="location-display"
      >
        /
      </div>
    </div>
  </body>,
  "container": .c0 {
  border-radius: 50%;
  height: 1.5rem;
  width: 1.5rem;
}

<div>
    <img
      alt="profile"
      class="c0"
      size="1.5"
      src="/src/assets/img/Avatar.svg"
    />
    <div
      data-testid="location-display"
    >
      /
    </div>
  </div>,
  "debug": [Function],
  "findAllByAltText": [Function],
  "findAllByDisplayValue": [Function],
  "findAllByLabelText": [Function],
  "findAllByPlaceholderText": [Function],
  "findAllByRole": [Function],
  "findAllByTestId": [Function],
  "findAllByText": [Function],
  "findAllByTitle": [Function],
  "findByAltText": [Function],
  "findByDisplayValue": [Function],
  "findByLabelText": [Function],
  "findByPlaceholderText": [Function],
  "findByRole": [Function],
  "findByTestId": [Function],
  "findByText": [Function],
  "findByTitle": [Function],
  "getAllByAltText": [Function],
  "getAllByDisplayValue": [Function],
  "getAllByLabelText": [Function],
  "getAllByPlaceholderText": [Function],
  "getAllByRole": [Function],
  "getAllByTestId": [Function],
  "getAllByText": [Function],
  "getAllByTitle": [Function],
  "getByAltText": [Function],
  "getByDisplayValue": [Function],
  "getByLabelText": [Function],
  "getByPlaceholderText": [Function],
  "getByRole": [Function],
  "getByTestId": [Function],
  "getByText": [Function],
  "getByTitle": [Function],
  "queryAllByAltText": [Function],
  "queryAllByDisplayValue": [Function],
  "queryAllByLabelText": [Function],
  "queryAllByPlaceholderText": [Function],
  "queryAllByRole": [Function],
  "queryAllByTestId": [Function],
  "queryAllByText": [Function],
  "queryAllByTitle": [Function],
  "queryByAltText": [Function],
  "queryByDisplayValue": [Function],
  "queryByLabelText": [Function],
  "queryByPlaceholderText": [Function],
  "queryByRole": [Function],
  "queryByTestId": [Function],
  "queryByText": [Function],
  "queryByTitle": [Function],
  "rerender": [Function],
  "store": {
    "@@observable": [Function],
    "dispatch": [Function],
    "getState": [Function],
    "replaceReducer": [Function],
    "subscribe": [Function],
  },
  "unmount": [Function],
}
`;
